

================================================================
== Vivado HLS Report for 'fire2_copy'
================================================================
* Date:           Mon May 01 21:59:14 2017

* Version:        2015.4 (Build 1412921 on Wed Nov 18 09:58:55 AM 2015)
* Project:        fire_module
* Solution:       solution1
* Product family: zynq
* Target device:  xc7z020clg484-1


================================================================
== Performance Estimates
================================================================
+ Timing (ns): 
    * Summary: 
    +--------+-------+----------+------------+
    |  Clock | Target| Estimated| Uncertainty|
    +--------+-------+----------+------------+
    |ap_clk  |   5.00|      2.14|        0.63|
    +--------+-------+----------+------------+

+ Latency (clock cycles): 
    * Summary: 
    +------+------+------+------+---------+
    |   Latency   |   Interval  | Pipeline|
    |  min |  max |  min |  max |   Type  |
    +------+------+------+------+---------+
    |  3027|  3027|  3027|  3027|   none  |
    +------+------+------+------+---------+

    + Detail: 
        * Instance: 
        N/A

        * Loop: 
        +---------------------+------+------+----------+-----------+-----------+------+----------+
        |                     |   Latency   | Iteration|  Initiation Interval  | Trip |          |
        |      Loop Name      |  min |  max |  Latency |  achieved |   target  | Count| Pipelined|
        +---------------------+------+------+----------+-----------+-----------+------+----------+
        |- Copy_Row_Copy_Col  |  3025|  3025|         2|          1|          1|  3025|    yes   |
        +---------------------+------+------+----------+-----------+-----------+------+----------+

============================================================
+ Verbose Summary: Synthesis Manager
============================================================
InlineROM: 1
ExposeGlobal: 0
============================================================
+ Verbose Summary: CDFG Model
============================================================
IsTopModel: 0
ResetActiveHigh: 1
IsCombinational: 2
IsDatapathOnly: 0
HasWiredReturn: 1
HasMFsm: 0
HasVarLatency: 1
IsPipeline: 0
IsRtlPipelined: 0
IsInstanceOverlapped: 0
IsDontTouch: 0
HasImplIP: 0
IsGatedGlobalClock: 0

+ Individual pipeline summary: 
  * Pipeline-0: initiation interval (II) = 1, depth = 2


============================================================
+ Verbose Summary: Schedule
============================================================
* Number of FSM states: 4
* Pipeline: 1
  Pipeline-0: II = 1, D = 2, States = { 2 3 }
* Dataflow Pipeline: 0

* FSM state transitions: 
1 --> 
	2  / true
2 --> 
	4  / (exitcond_flatten)
	3  / (!exitcond_flatten)
3 --> 
	2  / true
4 --> 
* FSM state operations: 

 <State 1>: 1.57ns
ST_1: empty [1/1] 0.00ns
:0  %empty = call i32 (...)* @_ssdm_op_SpecInterface(i32* %mat2_o_15_V, [8 x i8]* @ap_fifo_str, i32 0, i32 0, i32 0, i32 0, [1 x i8]* @p_str, [1 x i8]* @p_str, [1 x i8]* @p_str, [1 x i8]* @p_str)

ST_1: empty_783 [1/1] 0.00ns
:1  %empty_783 = call i32 (...)* @_ssdm_op_SpecInterface(i32* %mat2_o_14_V, [8 x i8]* @ap_fifo_str, i32 0, i32 0, i32 0, i32 0, [1 x i8]* @p_str, [1 x i8]* @p_str, [1 x i8]* @p_str, [1 x i8]* @p_str)

ST_1: empty_784 [1/1] 0.00ns
:2  %empty_784 = call i32 (...)* @_ssdm_op_SpecInterface(i32* %mat2_o_13_V, [8 x i8]* @ap_fifo_str, i32 0, i32 0, i32 0, i32 0, [1 x i8]* @p_str, [1 x i8]* @p_str, [1 x i8]* @p_str, [1 x i8]* @p_str)

ST_1: empty_785 [1/1] 0.00ns
:3  %empty_785 = call i32 (...)* @_ssdm_op_SpecInterface(i32* %mat2_o_12_V, [8 x i8]* @ap_fifo_str, i32 0, i32 0, i32 0, i32 0, [1 x i8]* @p_str, [1 x i8]* @p_str, [1 x i8]* @p_str, [1 x i8]* @p_str)

ST_1: empty_786 [1/1] 0.00ns
:4  %empty_786 = call i32 (...)* @_ssdm_op_SpecInterface(i32* %mat2_o_11_V, [8 x i8]* @ap_fifo_str, i32 0, i32 0, i32 0, i32 0, [1 x i8]* @p_str, [1 x i8]* @p_str, [1 x i8]* @p_str, [1 x i8]* @p_str)

ST_1: empty_787 [1/1] 0.00ns
:5  %empty_787 = call i32 (...)* @_ssdm_op_SpecInterface(i32* %mat2_o_10_V, [8 x i8]* @ap_fifo_str, i32 0, i32 0, i32 0, i32 0, [1 x i8]* @p_str, [1 x i8]* @p_str, [1 x i8]* @p_str, [1 x i8]* @p_str)

ST_1: empty_788 [1/1] 0.00ns
:6  %empty_788 = call i32 (...)* @_ssdm_op_SpecInterface(i32* %mat2_o_9_V, [8 x i8]* @ap_fifo_str, i32 0, i32 0, i32 0, i32 0, [1 x i8]* @p_str, [1 x i8]* @p_str, [1 x i8]* @p_str, [1 x i8]* @p_str)

ST_1: empty_789 [1/1] 0.00ns
:7  %empty_789 = call i32 (...)* @_ssdm_op_SpecInterface(i32* %mat2_o_8_V, [8 x i8]* @ap_fifo_str, i32 0, i32 0, i32 0, i32 0, [1 x i8]* @p_str, [1 x i8]* @p_str, [1 x i8]* @p_str, [1 x i8]* @p_str)

ST_1: empty_790 [1/1] 0.00ns
:8  %empty_790 = call i32 (...)* @_ssdm_op_SpecInterface(i32* %mat2_o_7_V, [8 x i8]* @ap_fifo_str, i32 0, i32 0, i32 0, i32 0, [1 x i8]* @p_str, [1 x i8]* @p_str, [1 x i8]* @p_str, [1 x i8]* @p_str)

ST_1: empty_791 [1/1] 0.00ns
:9  %empty_791 = call i32 (...)* @_ssdm_op_SpecInterface(i32* %mat2_o_6_V, [8 x i8]* @ap_fifo_str, i32 0, i32 0, i32 0, i32 0, [1 x i8]* @p_str, [1 x i8]* @p_str, [1 x i8]* @p_str, [1 x i8]* @p_str)

ST_1: empty_792 [1/1] 0.00ns
:10  %empty_792 = call i32 (...)* @_ssdm_op_SpecInterface(i32* %mat2_o_5_V, [8 x i8]* @ap_fifo_str, i32 0, i32 0, i32 0, i32 0, [1 x i8]* @p_str, [1 x i8]* @p_str, [1 x i8]* @p_str, [1 x i8]* @p_str)

ST_1: empty_793 [1/1] 0.00ns
:11  %empty_793 = call i32 (...)* @_ssdm_op_SpecInterface(i32* %mat2_o_4_V, [8 x i8]* @ap_fifo_str, i32 0, i32 0, i32 0, i32 0, [1 x i8]* @p_str, [1 x i8]* @p_str, [1 x i8]* @p_str, [1 x i8]* @p_str)

ST_1: empty_794 [1/1] 0.00ns
:12  %empty_794 = call i32 (...)* @_ssdm_op_SpecInterface(i32* %mat2_o_3_V, [8 x i8]* @ap_fifo_str, i32 0, i32 0, i32 0, i32 0, [1 x i8]* @p_str, [1 x i8]* @p_str, [1 x i8]* @p_str, [1 x i8]* @p_str)

ST_1: empty_795 [1/1] 0.00ns
:13  %empty_795 = call i32 (...)* @_ssdm_op_SpecInterface(i32* %mat2_o_2_V, [8 x i8]* @ap_fifo_str, i32 0, i32 0, i32 0, i32 0, [1 x i8]* @p_str, [1 x i8]* @p_str, [1 x i8]* @p_str, [1 x i8]* @p_str)

ST_1: empty_796 [1/1] 0.00ns
:14  %empty_796 = call i32 (...)* @_ssdm_op_SpecInterface(i32* %mat2_o_1_V, [8 x i8]* @ap_fifo_str, i32 0, i32 0, i32 0, i32 0, [1 x i8]* @p_str, [1 x i8]* @p_str, [1 x i8]* @p_str, [1 x i8]* @p_str)

ST_1: empty_797 [1/1] 0.00ns
:15  %empty_797 = call i32 (...)* @_ssdm_op_SpecInterface(i32* %mat2_o_0_V, [8 x i8]* @ap_fifo_str, i32 0, i32 0, i32 0, i32 0, [1 x i8]* @p_str, [1 x i8]* @p_str, [1 x i8]* @p_str, [1 x i8]* @p_str)

ST_1: empty_798 [1/1] 0.00ns
:16  %empty_798 = call i32 (...)* @_ssdm_op_SpecInterface(i32* %mat1_o_15_V, [8 x i8]* @ap_fifo_str, i32 0, i32 0, i32 0, i32 0, [1 x i8]* @p_str, [1 x i8]* @p_str, [1 x i8]* @p_str, [1 x i8]* @p_str)

ST_1: empty_799 [1/1] 0.00ns
:17  %empty_799 = call i32 (...)* @_ssdm_op_SpecInterface(i32* %mat1_o_14_V, [8 x i8]* @ap_fifo_str, i32 0, i32 0, i32 0, i32 0, [1 x i8]* @p_str, [1 x i8]* @p_str, [1 x i8]* @p_str, [1 x i8]* @p_str)

ST_1: empty_800 [1/1] 0.00ns
:18  %empty_800 = call i32 (...)* @_ssdm_op_SpecInterface(i32* %mat1_o_13_V, [8 x i8]* @ap_fifo_str, i32 0, i32 0, i32 0, i32 0, [1 x i8]* @p_str, [1 x i8]* @p_str, [1 x i8]* @p_str, [1 x i8]* @p_str)

ST_1: empty_801 [1/1] 0.00ns
:19  %empty_801 = call i32 (...)* @_ssdm_op_SpecInterface(i32* %mat1_o_12_V, [8 x i8]* @ap_fifo_str, i32 0, i32 0, i32 0, i32 0, [1 x i8]* @p_str, [1 x i8]* @p_str, [1 x i8]* @p_str, [1 x i8]* @p_str)

ST_1: empty_802 [1/1] 0.00ns
:20  %empty_802 = call i32 (...)* @_ssdm_op_SpecInterface(i32* %mat1_o_11_V, [8 x i8]* @ap_fifo_str, i32 0, i32 0, i32 0, i32 0, [1 x i8]* @p_str, [1 x i8]* @p_str, [1 x i8]* @p_str, [1 x i8]* @p_str)

ST_1: empty_803 [1/1] 0.00ns
:21  %empty_803 = call i32 (...)* @_ssdm_op_SpecInterface(i32* %mat1_o_10_V, [8 x i8]* @ap_fifo_str, i32 0, i32 0, i32 0, i32 0, [1 x i8]* @p_str, [1 x i8]* @p_str, [1 x i8]* @p_str, [1 x i8]* @p_str)

ST_1: empty_804 [1/1] 0.00ns
:22  %empty_804 = call i32 (...)* @_ssdm_op_SpecInterface(i32* %mat1_o_9_V, [8 x i8]* @ap_fifo_str, i32 0, i32 0, i32 0, i32 0, [1 x i8]* @p_str, [1 x i8]* @p_str, [1 x i8]* @p_str, [1 x i8]* @p_str)

ST_1: empty_805 [1/1] 0.00ns
:23  %empty_805 = call i32 (...)* @_ssdm_op_SpecInterface(i32* %mat1_o_8_V, [8 x i8]* @ap_fifo_str, i32 0, i32 0, i32 0, i32 0, [1 x i8]* @p_str, [1 x i8]* @p_str, [1 x i8]* @p_str, [1 x i8]* @p_str)

ST_1: empty_806 [1/1] 0.00ns
:24  %empty_806 = call i32 (...)* @_ssdm_op_SpecInterface(i32* %mat1_o_7_V, [8 x i8]* @ap_fifo_str, i32 0, i32 0, i32 0, i32 0, [1 x i8]* @p_str, [1 x i8]* @p_str, [1 x i8]* @p_str, [1 x i8]* @p_str)

ST_1: empty_807 [1/1] 0.00ns
:25  %empty_807 = call i32 (...)* @_ssdm_op_SpecInterface(i32* %mat1_o_6_V, [8 x i8]* @ap_fifo_str, i32 0, i32 0, i32 0, i32 0, [1 x i8]* @p_str, [1 x i8]* @p_str, [1 x i8]* @p_str, [1 x i8]* @p_str)

ST_1: empty_808 [1/1] 0.00ns
:26  %empty_808 = call i32 (...)* @_ssdm_op_SpecInterface(i32* %mat1_o_5_V, [8 x i8]* @ap_fifo_str, i32 0, i32 0, i32 0, i32 0, [1 x i8]* @p_str, [1 x i8]* @p_str, [1 x i8]* @p_str, [1 x i8]* @p_str)

ST_1: empty_809 [1/1] 0.00ns
:27  %empty_809 = call i32 (...)* @_ssdm_op_SpecInterface(i32* %mat1_o_4_V, [8 x i8]* @ap_fifo_str, i32 0, i32 0, i32 0, i32 0, [1 x i8]* @p_str, [1 x i8]* @p_str, [1 x i8]* @p_str, [1 x i8]* @p_str)

ST_1: empty_810 [1/1] 0.00ns
:28  %empty_810 = call i32 (...)* @_ssdm_op_SpecInterface(i32* %mat1_o_3_V, [8 x i8]* @ap_fifo_str, i32 0, i32 0, i32 0, i32 0, [1 x i8]* @p_str, [1 x i8]* @p_str, [1 x i8]* @p_str, [1 x i8]* @p_str)

ST_1: empty_811 [1/1] 0.00ns
:29  %empty_811 = call i32 (...)* @_ssdm_op_SpecInterface(i32* %mat1_o_2_V, [8 x i8]* @ap_fifo_str, i32 0, i32 0, i32 0, i32 0, [1 x i8]* @p_str, [1 x i8]* @p_str, [1 x i8]* @p_str, [1 x i8]* @p_str)

ST_1: empty_812 [1/1] 0.00ns
:30  %empty_812 = call i32 (...)* @_ssdm_op_SpecInterface(i32* %mat1_o_1_V, [8 x i8]* @ap_fifo_str, i32 0, i32 0, i32 0, i32 0, [1 x i8]* @p_str, [1 x i8]* @p_str, [1 x i8]* @p_str, [1 x i8]* @p_str)

ST_1: empty_813 [1/1] 0.00ns
:31  %empty_813 = call i32 (...)* @_ssdm_op_SpecInterface(i32* %mat1_o_0_V, [8 x i8]* @ap_fifo_str, i32 0, i32 0, i32 0, i32 0, [1 x i8]* @p_str, [1 x i8]* @p_str, [1 x i8]* @p_str, [1 x i8]* @p_str)

ST_1: empty_814 [1/1] 0.00ns
:32  %empty_814 = call i32 (...)* @_ssdm_op_SpecInterface(i32* %mat_i_15_V, [8 x i8]* @ap_fifo_str, i32 0, i32 0, i32 0, i32 0, [1 x i8]* @p_str, [1 x i8]* @p_str, [1 x i8]* @p_str, [1 x i8]* @p_str)

ST_1: empty_815 [1/1] 0.00ns
:33  %empty_815 = call i32 (...)* @_ssdm_op_SpecInterface(i32* %mat_i_14_V, [8 x i8]* @ap_fifo_str, i32 0, i32 0, i32 0, i32 0, [1 x i8]* @p_str, [1 x i8]* @p_str, [1 x i8]* @p_str, [1 x i8]* @p_str)

ST_1: empty_816 [1/1] 0.00ns
:34  %empty_816 = call i32 (...)* @_ssdm_op_SpecInterface(i32* %mat_i_13_V, [8 x i8]* @ap_fifo_str, i32 0, i32 0, i32 0, i32 0, [1 x i8]* @p_str, [1 x i8]* @p_str, [1 x i8]* @p_str, [1 x i8]* @p_str)

ST_1: empty_817 [1/1] 0.00ns
:35  %empty_817 = call i32 (...)* @_ssdm_op_SpecInterface(i32* %mat_i_12_V, [8 x i8]* @ap_fifo_str, i32 0, i32 0, i32 0, i32 0, [1 x i8]* @p_str, [1 x i8]* @p_str, [1 x i8]* @p_str, [1 x i8]* @p_str)

ST_1: empty_818 [1/1] 0.00ns
:36  %empty_818 = call i32 (...)* @_ssdm_op_SpecInterface(i32* %mat_i_11_V, [8 x i8]* @ap_fifo_str, i32 0, i32 0, i32 0, i32 0, [1 x i8]* @p_str, [1 x i8]* @p_str, [1 x i8]* @p_str, [1 x i8]* @p_str)

ST_1: empty_819 [1/1] 0.00ns
:37  %empty_819 = call i32 (...)* @_ssdm_op_SpecInterface(i32* %mat_i_10_V, [8 x i8]* @ap_fifo_str, i32 0, i32 0, i32 0, i32 0, [1 x i8]* @p_str, [1 x i8]* @p_str, [1 x i8]* @p_str, [1 x i8]* @p_str)

ST_1: empty_820 [1/1] 0.00ns
:38  %empty_820 = call i32 (...)* @_ssdm_op_SpecInterface(i32* %mat_i_9_V, [8 x i8]* @ap_fifo_str, i32 0, i32 0, i32 0, i32 0, [1 x i8]* @p_str, [1 x i8]* @p_str, [1 x i8]* @p_str, [1 x i8]* @p_str)

ST_1: empty_821 [1/1] 0.00ns
:39  %empty_821 = call i32 (...)* @_ssdm_op_SpecInterface(i32* %mat_i_8_V, [8 x i8]* @ap_fifo_str, i32 0, i32 0, i32 0, i32 0, [1 x i8]* @p_str, [1 x i8]* @p_str, [1 x i8]* @p_str, [1 x i8]* @p_str)

ST_1: empty_822 [1/1] 0.00ns
:40  %empty_822 = call i32 (...)* @_ssdm_op_SpecInterface(i32* %mat_i_7_V, [8 x i8]* @ap_fifo_str, i32 0, i32 0, i32 0, i32 0, [1 x i8]* @p_str, [1 x i8]* @p_str, [1 x i8]* @p_str, [1 x i8]* @p_str)

ST_1: empty_823 [1/1] 0.00ns
:41  %empty_823 = call i32 (...)* @_ssdm_op_SpecInterface(i32* %mat_i_6_V, [8 x i8]* @ap_fifo_str, i32 0, i32 0, i32 0, i32 0, [1 x i8]* @p_str, [1 x i8]* @p_str, [1 x i8]* @p_str, [1 x i8]* @p_str)

ST_1: empty_824 [1/1] 0.00ns
:42  %empty_824 = call i32 (...)* @_ssdm_op_SpecInterface(i32* %mat_i_5_V, [8 x i8]* @ap_fifo_str, i32 0, i32 0, i32 0, i32 0, [1 x i8]* @p_str, [1 x i8]* @p_str, [1 x i8]* @p_str, [1 x i8]* @p_str)

ST_1: empty_825 [1/1] 0.00ns
:43  %empty_825 = call i32 (...)* @_ssdm_op_SpecInterface(i32* %mat_i_4_V, [8 x i8]* @ap_fifo_str, i32 0, i32 0, i32 0, i32 0, [1 x i8]* @p_str, [1 x i8]* @p_str, [1 x i8]* @p_str, [1 x i8]* @p_str)

ST_1: empty_826 [1/1] 0.00ns
:44  %empty_826 = call i32 (...)* @_ssdm_op_SpecInterface(i32* %mat_i_3_V, [8 x i8]* @ap_fifo_str, i32 0, i32 0, i32 0, i32 0, [1 x i8]* @p_str, [1 x i8]* @p_str, [1 x i8]* @p_str, [1 x i8]* @p_str)

ST_1: empty_827 [1/1] 0.00ns
:45  %empty_827 = call i32 (...)* @_ssdm_op_SpecInterface(i32* %mat_i_2_V, [8 x i8]* @ap_fifo_str, i32 0, i32 0, i32 0, i32 0, [1 x i8]* @p_str, [1 x i8]* @p_str, [1 x i8]* @p_str, [1 x i8]* @p_str)

ST_1: empty_828 [1/1] 0.00ns
:46  %empty_828 = call i32 (...)* @_ssdm_op_SpecInterface(i32* %mat_i_1_V, [8 x i8]* @ap_fifo_str, i32 0, i32 0, i32 0, i32 0, [1 x i8]* @p_str, [1 x i8]* @p_str, [1 x i8]* @p_str, [1 x i8]* @p_str)

ST_1: empty_829 [1/1] 0.00ns
:47  %empty_829 = call i32 (...)* @_ssdm_op_SpecInterface(i32* %mat_i_0_V, [8 x i8]* @ap_fifo_str, i32 0, i32 0, i32 0, i32 0, [1 x i8]* @p_str, [1 x i8]* @p_str, [1 x i8]* @p_str, [1 x i8]* @p_str)

ST_1: stg_53 [1/1] 1.57ns
:48  br label %1


 <State 2>: 2.14ns
ST_2: indvar_flatten [1/1] 0.00ns
:0  %indvar_flatten = phi i12 [ 0, %0 ], [ %indvar_flatten_next, %.reset ]

ST_2: exitcond_flatten [1/1] 2.14ns
:1  %exitcond_flatten = icmp eq i12 %indvar_flatten, -1071

ST_2: indvar_flatten_next [1/1] 1.84ns
:2  %indvar_flatten_next = add i12 %indvar_flatten, 1

ST_2: stg_57 [1/1] 0.00ns
:3  br i1 %exitcond_flatten, label %2, label %.reset


 <State 3>: 2.00ns
ST_3: stg_58 [1/1] 0.00ns
.reset:0  call void (...)* @_ssdm_op_SpecLoopName([18 x i8]* @Copy_Row_Copy_Col_str)

ST_3: empty_830 [1/1] 0.00ns
.reset:1  %empty_830 = call i32 (...)* @_ssdm_op_SpecLoopTripCount(i64 3025, i64 3025, i64 3025)

ST_3: stg_60 [1/1] 0.00ns
.reset:2  call void (...)* @_ssdm_op_SpecLoopName([9 x i8]* @p_str12) nounwind

ST_3: tmp_s [1/1] 0.00ns
.reset:3  %tmp_s = call i32 (...)* @_ssdm_op_SpecRegionBegin([9 x i8]* @p_str12)

ST_3: stg_62 [1/1] 0.00ns
.reset:4  call void (...)* @_ssdm_op_SpecPipeline(i32 1, i32 1, i32 1, i32 0, [1 x i8]* @p_str3) nounwind

ST_3: tmp [1/1] 1.00ns
.reset:5  %tmp = call i32 @_ssdm_op_Read.ap_fifo.volatile.i32P(i32* %mat_i_0_V)

ST_3: stg_64 [1/1] 1.00ns
.reset:6  call void @_ssdm_op_Write.ap_fifo.volatile.i32P(i32* %mat1_o_0_V, i32 %tmp)

ST_3: stg_65 [1/1] 1.00ns
.reset:7  call void @_ssdm_op_Write.ap_fifo.volatile.i32P(i32* %mat2_o_0_V, i32 %tmp)

ST_3: tmp_123 [1/1] 1.00ns
.reset:8  %tmp_123 = call i32 @_ssdm_op_Read.ap_fifo.volatile.i32P(i32* %mat_i_1_V)

ST_3: stg_67 [1/1] 1.00ns
.reset:9  call void @_ssdm_op_Write.ap_fifo.volatile.i32P(i32* %mat1_o_1_V, i32 %tmp_123)

ST_3: stg_68 [1/1] 1.00ns
.reset:10  call void @_ssdm_op_Write.ap_fifo.volatile.i32P(i32* %mat2_o_1_V, i32 %tmp_123)

ST_3: tmp_124 [1/1] 1.00ns
.reset:11  %tmp_124 = call i32 @_ssdm_op_Read.ap_fifo.volatile.i32P(i32* %mat_i_2_V)

ST_3: stg_70 [1/1] 1.00ns
.reset:12  call void @_ssdm_op_Write.ap_fifo.volatile.i32P(i32* %mat1_o_2_V, i32 %tmp_124)

ST_3: stg_71 [1/1] 1.00ns
.reset:13  call void @_ssdm_op_Write.ap_fifo.volatile.i32P(i32* %mat2_o_2_V, i32 %tmp_124)

ST_3: tmp_125 [1/1] 1.00ns
.reset:14  %tmp_125 = call i32 @_ssdm_op_Read.ap_fifo.volatile.i32P(i32* %mat_i_3_V)

ST_3: stg_73 [1/1] 1.00ns
.reset:15  call void @_ssdm_op_Write.ap_fifo.volatile.i32P(i32* %mat1_o_3_V, i32 %tmp_125)

ST_3: stg_74 [1/1] 1.00ns
.reset:16  call void @_ssdm_op_Write.ap_fifo.volatile.i32P(i32* %mat2_o_3_V, i32 %tmp_125)

ST_3: tmp_126 [1/1] 1.00ns
.reset:17  %tmp_126 = call i32 @_ssdm_op_Read.ap_fifo.volatile.i32P(i32* %mat_i_4_V)

ST_3: stg_76 [1/1] 1.00ns
.reset:18  call void @_ssdm_op_Write.ap_fifo.volatile.i32P(i32* %mat1_o_4_V, i32 %tmp_126)

ST_3: stg_77 [1/1] 1.00ns
.reset:19  call void @_ssdm_op_Write.ap_fifo.volatile.i32P(i32* %mat2_o_4_V, i32 %tmp_126)

ST_3: tmp_127 [1/1] 1.00ns
.reset:20  %tmp_127 = call i32 @_ssdm_op_Read.ap_fifo.volatile.i32P(i32* %mat_i_5_V)

ST_3: stg_79 [1/1] 1.00ns
.reset:21  call void @_ssdm_op_Write.ap_fifo.volatile.i32P(i32* %mat1_o_5_V, i32 %tmp_127)

ST_3: stg_80 [1/1] 1.00ns
.reset:22  call void @_ssdm_op_Write.ap_fifo.volatile.i32P(i32* %mat2_o_5_V, i32 %tmp_127)

ST_3: tmp_128 [1/1] 1.00ns
.reset:23  %tmp_128 = call i32 @_ssdm_op_Read.ap_fifo.volatile.i32P(i32* %mat_i_6_V)

ST_3: stg_82 [1/1] 1.00ns
.reset:24  call void @_ssdm_op_Write.ap_fifo.volatile.i32P(i32* %mat1_o_6_V, i32 %tmp_128)

ST_3: stg_83 [1/1] 1.00ns
.reset:25  call void @_ssdm_op_Write.ap_fifo.volatile.i32P(i32* %mat2_o_6_V, i32 %tmp_128)

ST_3: tmp_129 [1/1] 1.00ns
.reset:26  %tmp_129 = call i32 @_ssdm_op_Read.ap_fifo.volatile.i32P(i32* %mat_i_7_V)

ST_3: stg_85 [1/1] 1.00ns
.reset:27  call void @_ssdm_op_Write.ap_fifo.volatile.i32P(i32* %mat1_o_7_V, i32 %tmp_129)

ST_3: stg_86 [1/1] 1.00ns
.reset:28  call void @_ssdm_op_Write.ap_fifo.volatile.i32P(i32* %mat2_o_7_V, i32 %tmp_129)

ST_3: tmp_130 [1/1] 1.00ns
.reset:29  %tmp_130 = call i32 @_ssdm_op_Read.ap_fifo.volatile.i32P(i32* %mat_i_8_V)

ST_3: stg_88 [1/1] 1.00ns
.reset:30  call void @_ssdm_op_Write.ap_fifo.volatile.i32P(i32* %mat1_o_8_V, i32 %tmp_130)

ST_3: stg_89 [1/1] 1.00ns
.reset:31  call void @_ssdm_op_Write.ap_fifo.volatile.i32P(i32* %mat2_o_8_V, i32 %tmp_130)

ST_3: tmp_131 [1/1] 1.00ns
.reset:32  %tmp_131 = call i32 @_ssdm_op_Read.ap_fifo.volatile.i32P(i32* %mat_i_9_V)

ST_3: stg_91 [1/1] 1.00ns
.reset:33  call void @_ssdm_op_Write.ap_fifo.volatile.i32P(i32* %mat1_o_9_V, i32 %tmp_131)

ST_3: stg_92 [1/1] 1.00ns
.reset:34  call void @_ssdm_op_Write.ap_fifo.volatile.i32P(i32* %mat2_o_9_V, i32 %tmp_131)

ST_3: tmp_132 [1/1] 1.00ns
.reset:35  %tmp_132 = call i32 @_ssdm_op_Read.ap_fifo.volatile.i32P(i32* %mat_i_10_V)

ST_3: stg_94 [1/1] 1.00ns
.reset:36  call void @_ssdm_op_Write.ap_fifo.volatile.i32P(i32* %mat1_o_10_V, i32 %tmp_132)

ST_3: stg_95 [1/1] 1.00ns
.reset:37  call void @_ssdm_op_Write.ap_fifo.volatile.i32P(i32* %mat2_o_10_V, i32 %tmp_132)

ST_3: tmp_133 [1/1] 1.00ns
.reset:38  %tmp_133 = call i32 @_ssdm_op_Read.ap_fifo.volatile.i32P(i32* %mat_i_11_V)

ST_3: stg_97 [1/1] 1.00ns
.reset:39  call void @_ssdm_op_Write.ap_fifo.volatile.i32P(i32* %mat1_o_11_V, i32 %tmp_133)

ST_3: stg_98 [1/1] 1.00ns
.reset:40  call void @_ssdm_op_Write.ap_fifo.volatile.i32P(i32* %mat2_o_11_V, i32 %tmp_133)

ST_3: tmp_134 [1/1] 1.00ns
.reset:41  %tmp_134 = call i32 @_ssdm_op_Read.ap_fifo.volatile.i32P(i32* %mat_i_12_V)

ST_3: stg_100 [1/1] 1.00ns
.reset:42  call void @_ssdm_op_Write.ap_fifo.volatile.i32P(i32* %mat1_o_12_V, i32 %tmp_134)

ST_3: stg_101 [1/1] 1.00ns
.reset:43  call void @_ssdm_op_Write.ap_fifo.volatile.i32P(i32* %mat2_o_12_V, i32 %tmp_134)

ST_3: tmp_135 [1/1] 1.00ns
.reset:44  %tmp_135 = call i32 @_ssdm_op_Read.ap_fifo.volatile.i32P(i32* %mat_i_13_V)

ST_3: stg_103 [1/1] 1.00ns
.reset:45  call void @_ssdm_op_Write.ap_fifo.volatile.i32P(i32* %mat1_o_13_V, i32 %tmp_135)

ST_3: stg_104 [1/1] 1.00ns
.reset:46  call void @_ssdm_op_Write.ap_fifo.volatile.i32P(i32* %mat2_o_13_V, i32 %tmp_135)

ST_3: tmp_136 [1/1] 1.00ns
.reset:47  %tmp_136 = call i32 @_ssdm_op_Read.ap_fifo.volatile.i32P(i32* %mat_i_14_V)

ST_3: stg_106 [1/1] 1.00ns
.reset:48  call void @_ssdm_op_Write.ap_fifo.volatile.i32P(i32* %mat1_o_14_V, i32 %tmp_136)

ST_3: stg_107 [1/1] 1.00ns
.reset:49  call void @_ssdm_op_Write.ap_fifo.volatile.i32P(i32* %mat2_o_14_V, i32 %tmp_136)

ST_3: tmp_137 [1/1] 1.00ns
.reset:50  %tmp_137 = call i32 @_ssdm_op_Read.ap_fifo.volatile.i32P(i32* %mat_i_15_V)

ST_3: stg_109 [1/1] 1.00ns
.reset:51  call void @_ssdm_op_Write.ap_fifo.volatile.i32P(i32* %mat1_o_15_V, i32 %tmp_137)

ST_3: stg_110 [1/1] 1.00ns
.reset:52  call void @_ssdm_op_Write.ap_fifo.volatile.i32P(i32* %mat2_o_15_V, i32 %tmp_137)

ST_3: empty_831 [1/1] 0.00ns
.reset:53  %empty_831 = call i32 (...)* @_ssdm_op_SpecRegionEnd([9 x i8]* @p_str12, i32 %tmp_s)

ST_3: stg_112 [1/1] 0.00ns
.reset:54  br label %1


 <State 4>: 0.00ns
ST_4: stg_113 [1/1] 0.00ns
:0  ret void



============================================================
+ Verbose Summary: Binding
============================================================
N/A
* FSMD analyzer results:
  - Output states:
  - Chain level:
	State 1
	State 2
	State 3
	State 4


============================================================
+ Verbose Summary: Datapath Resource usage 
============================================================
N/A
